** Drc report for Pixie2313.kicad_pcb **
** Created on 2026-07-19T19:28:10 **
** Report includes: Errors, Warnings, Exclusions **

** Found 16 DRC violations **
[clearance]: Clearance violation ( clearance 0.2000 mm; actual 0.1778 mm)
    Local override; error
    @(5.0800 mm, -11.4300 mm): Track [13] on B.Cu, length 8.8900 mm
    @(6.3500 mm, -12.7000 mm): PTH pad 2 [VCC] of J1
[clearance]: Clearance violation ( clearance 0.2000 mm; actual 0.1778 mm)
    Local override; error
    @(5.0800 mm, -6.3500 mm): Track [RST] on F.Cu, length 5.0800 mm
    @(6.3500 mm, -7.6200 mm): PTH pad 6 [GND] of J1
[clearance]: Clearance violation ( clearance 0.2000 mm; actual 0.1778 mm)
    Local override; error
    @(6.3500 mm, -12.7000 mm): PTH pad 2 [VCC] of J1
    @(5.0800 mm, -11.4300 mm): Track [14] on F.Cu, length 6.3500 mm
[text_height]: Text height out of range (board setup constraints silk text height min height 0.8000 mm; actual 0.5182 mm)
    Rule: board setup constraints silk text height; warning
    @(4.7625 mm, -16.1925 mm): PCB text 'Enterprises' on F.Silkscreen
[text_thickness]: Text thickness out of range (board setup constraints silk text thickness min thickness 0.0800 mm; actual 0.0488 mm)
    Rule: board setup constraints silk text thickness; warning
    @(2.2225 mm, -12.7000 mm): Footprint text of J1 (MISO)
[text_height]: Text height out of range (board setup constraints silk text height min height 0.8000 mm; actual 0.5608 mm)
    Rule: board setup constraints silk text height; warning
    @(2.2225 mm, -12.7000 mm): Footprint text of J1 (MISO)
[text_thickness]: Text thickness out of range (board setup constraints silk text thickness min thickness 0.0800 mm; actual 0.0488 mm)
    Rule: board setup constraints silk text thickness; warning
    @(2.2225 mm, -10.1600 mm): Footprint text of J1 (SCK)
[text_height]: Text height out of range (board setup constraints silk text height min height 0.8000 mm; actual 0.5608 mm)
    Rule: board setup constraints silk text height; warning
    @(2.2225 mm, -10.1600 mm): Footprint text of J1 (SCK)
[text_thickness]: Text thickness out of range (board setup constraints silk text thickness min thickness 0.0800 mm; actual 0.0488 mm)
    Rule: board setup constraints silk text thickness; warning
    @(2.2225 mm, -7.6200 mm): Footprint text of J1 (RST)
[text_height]: Text height out of range (board setup constraints silk text height min height 0.8000 mm; actual 0.5608 mm)
    Rule: board setup constraints silk text height; warning
    @(2.2225 mm, -7.6200 mm): Footprint text of J1 (RST)
[text_thickness]: Text thickness out of range (board setup constraints silk text thickness min thickness 0.0800 mm; actual 0.0488 mm)
    Rule: board setup constraints silk text thickness; warning
    @(7.9375 mm, -12.7000 mm): Footprint text of J1 (+V)
[text_height]: Text height out of range (board setup constraints silk text height min height 0.8000 mm; actual 0.5608 mm)
    Rule: board setup constraints silk text height; warning
    @(7.9375 mm, -12.7000 mm): Footprint text of J1 (+V)
[text_thickness]: Text thickness out of range (board setup constraints silk text thickness min thickness 0.0800 mm; actual 0.0488 mm)
    Rule: board setup constraints silk text thickness; warning
    @(7.9375 mm, -10.1600 mm): Footprint text of J1 (MOSI)
[text_height]: Text height out of range (board setup constraints silk text height min height 0.8000 mm; actual 0.5608 mm)
    Rule: board setup constraints silk text height; warning
    @(7.9375 mm, -10.1600 mm): Footprint text of J1 (MOSI)
[text_thickness]: Text thickness out of range (board setup constraints silk text thickness min thickness 0.0800 mm; actual 0.0488 mm)
    Rule: board setup constraints silk text thickness; warning
    @(7.9375 mm, -7.6200 mm): Footprint text of J1 (GND)
[text_height]: Text height out of range (board setup constraints silk text height min height 0.8000 mm; actual 0.5608 mm)
    Rule: board setup constraints silk text height; warning
    @(7.9375 mm, -7.6200 mm): Footprint text of J1 (GND)

** Found 4 unconnected pads **
[unconnected_items]: Missing connection between items
    Local override; error
    @(6.3500 mm, -12.7000 mm): PTH pad 2 [VCC] of J1
    @(10.1600 mm, -13.9700 mm): PTH pad 20 [VCC] of U1
[unconnected_items]: Missing connection between items
    Local override; error
    @(10.1600 mm, -13.9700 mm): PTH pad 20 [VCC] of U1
    @(10.1600 mm, -16.5100 mm): PTH pad 1 [VCC] of JP2
[unconnected_items]: Missing connection between items
    Local override; error
    @(33.0200 mm, -6.3500 mm): PTH pad 10 [GND] of U1
    @(6.3500 mm, -7.6200 mm): PTH pad 6 [GND] of J1
[unconnected_items]: Missing connection between items
    Local override; error
    @(33.0200 mm, -3.8100 mm): PTH pad 1 [GND] of JP1
    @(33.0200 mm, -6.3500 mm): PTH pad 10 [GND] of U1

** Found 0 Footprint errors **

** Ignored checks **
    - Footprint has no courtyard defined
    - Track endpoint not centered on via
    - Tuning profile track geometries
    - Footprint doesn't match symbol's footprint filters
    - Footprint component type doesn't match footprint pads

** End of Report **
